../Core/Src/main.c:83:6:HAL_UART_RxCpltCallback	16	static
../Core/Src/main.c:90:6:HAL_TIM_IC_CaptureCallback	16	static
../Core/Src/main.c:102:5:main	8	static
../Core/Src/main.c:184:6:SystemClock_Config	88	static
../Core/Src/main.c:229:13:MX_TIM1_Init	80	static
../Core/Src/main.c:306:13:MX_TIM2_Init	56	static
../Core/Src/main.c:355:13:MX_USART2_UART_Init	8	static
../Core/Src/main.c:386:13:MX_DMA_Init	16	static
../Core/Src/main.c:404:13:MX_GPIO_Init	16	static
../Core/Src/main.c:420:6:Error_Handler	4	static,ignoring_inline_asm
