../Core/Src/main.c:107:6:HAL_UART_RxCpltCallback	16	static
../Core/Src/main.c:120:6:HAL_TIM_IC_CaptureCallback	16	static
../Core/Src/main.c:156:6:HAL_TIM_PeriodElapsedCallback	16	static
../Core/Src/main.c:171:5:main	168	static
../Core/Src/main.c:378:6:SystemClock_Config	88	static
../Core/Src/main.c:423:13:MX_TIM1_Init	80	static
../Core/Src/main.c:500:13:MX_TIM2_Init	32	static
../Core/Src/main.c:552:13:MX_TIM3_Init	32	static
../Core/Src/main.c:604:13:MX_TIM4_Init	32	static
../Core/Src/main.c:656:13:MX_TIM5_Init	32	static
../Core/Src/main.c:708:13:MX_TIM9_Init	24	static
../Core/Src/main.c:746:13:MX_USART2_UART_Init	8	static
../Core/Src/main.c:777:13:MX_DMA_Init	16	static
../Core/Src/main.c:795:13:MX_GPIO_Init	40	static
../Core/Src/main.c:823:6:Error_Handler	4	static,ignoring_inline_asm
