../Core/Src/main.c:162:6:HAL_UART_RxCpltCallback	16	static
../Core/Src/main.c:174:6:HAL_TIM_PeriodElapsedCallback	16	static
../Core/Src/main.c:186:5:main	8	static
../Core/Src/main.c:517:6:SystemClock_Config	88	static
../Core/Src/main.c:564:13:MX_TIM1_Init	80	static
../Core/Src/main.c:641:13:MX_TIM2_Init	56	static
../Core/Src/main.c:690:13:MX_TIM3_Init	56	static
../Core/Src/main.c:739:13:MX_TIM4_Init	56	static
../Core/Src/main.c:788:13:MX_TIM5_Init	56	static
../Core/Src/main.c:837:13:MX_TIM9_Init	24	static
../Core/Src/main.c:875:13:MX_USART2_UART_Init	8	static
../Core/Src/main.c:908:13:MX_USART6_UART_Init	8	static
../Core/Src/main.c:939:13:MX_DMA_Init	16	static
../Core/Src/main.c:957:13:MX_GPIO_Init	48	static
../Core/Src/main.c:995:6:my_transmit	16	static
../Core/Src/main.c:1075:6:Error_Handler	4	static,ignoring_inline_asm
